Program
  Function int: Constants:
    (1)
    ("something something")
    ('a')
    ('1')
    (true)
    (false)
    (null)
