Program
  Interface Runnable
    void: run:
    void: stop: <int x>
