Program
  Function void: f:
    while true
        (+ 1 2)
        (+ 3 4)
    while false

    while true
      (= #x (+ #x 1))
  Function void: fors:
    for |(= #i 0)|(< #i #n)|(= #i (+ #i 1))|
      (= #a (+ #a 1))
    for ||true||

