Program
  Function Unary:
    (= #a (+ 5))
    (= #b (- a))
    (= #c (* #a (- #b)))

