Program
  Function void: f:
    while true
        break
