Program
  Function void: f:
    (#f)
    (#f 1)
    (#f 1 2 3)
    (#f (#f 1) (#f (#f 2 3)))
    (<<this>.<#something>>.<#f>)
    (<<<this>.<#is>>.<#another>>[(#one)] 1 2)
  Function void: builtins:
    (#Print 1)
    (#Print 1 2 (+ (+ 1 2) 3))
    (#ReadLine)
    new <complex SomeClass>
    new void[123]
    new int[(+ 123 5)]
