Program
  Function void: MyFunction: <int a>, <bool b>

