Program
  Function string: LocalVariables:
    <int local_var>
    1
    2
    3
