Program
  Function int: Unary:
    (= #a (+ 5))
    (= #b (- #a))
    (= #c (* #a (- #b)))
    (! (== #x 5))
    (== (! #x) 5)
