Program
  <void asdf>
  <int ssss>
  <string xxx>
  <<complex MyClass> variab>
  <<array <complex MyClass>> arr>
  <<array <array <complex MyClass>>> arr>
  <<array int> arr>
